Microchip MPLAB XC8 Compiler V2.40

Linker command line:

-W-3 \
  --edf=C:\Program Files\Microchip\xc8\v2.40\pic\dat\20220703182018_en.msgs \
  -cn -h+dist/default/debug\Lab_uart.X.debug.sym \
  --cmf=dist/default/debug\Lab_uart.X.debug.cmf -z -Q18F4520 \
  -oC:\Users\felix\AppData\Local\Temp\xcAs48c.4 --defsym=__MPLAB_BUILD=1 \
  --fixupoverflow=error -Mdist/default/debug/Lab_uart.X.debug.map \
  --md=C:\Users\felix\AppData\Local\Temp\xcAs48c.dat -E1 -ver=XC8 Compiler \
  --acfsm=1493 -ACODE=00h-07DBFh -ACONST=00h-07DBFh \
  -ASMALLCONST=0600h-06FFhx119,07D00h-07DBFh -AMEDIUMCONST=0600h-07DBFh \
  -ACOMRAM=01h-07Fh -AABS1=00h-05F3h -ABIGRAM=01h-05F3h \
  -ARAM=080h-0FFh,0100h-01FFhx4,0500h-05F3h -ABANK0=080h-0FFh \
  -ABANK1=0100h-01FFh -ABANK2=0200h-02FFh -ABANK3=0300h-03FFh \
  -ABANK4=0400h-04FFh -ABANK5=0500h-05F3h \
  -ASFR=0F80h-0F9Bh,0F9Dh-0FD3h,0FD5h-0FDAh,0FE0h-0FE2h,0FE8h-0FEAh,0FF0h-0FFCh \
  -ABIGSFR=0F80h-0F9Bh,0F9Dh-0FD3h,0FD5h-0FDAh,0FE0h-0FE2h,0FE8h-0FEAh,0FF0h-0FFCh \
  -ACONFIG=0300000h-030000Dh -AIDLOC=0200000h-0200007h \
  -AEEDATA=0F00000h-0F000FFh -peeprom_data=EEDATA \
  -preset_vec=00h,intcode=08h,intcodelo=018h,powerup,init -pramtop=0600h \
  -psmallconst=SMALLCONST -pmediumconst=MEDIUMCONST -pconst=CONST \
  -AFARRAM=00h-00h \
  -prdata=COMRAM,nvrram=COMRAM,nvbit=COMRAM,rbss=COMRAM,rbit=COMRAM \
  -pfarbss=FARRAM,fardata=FARRAM,nvFARRAM=FARRAM \
  -pintsave_regs=BIGRAM,bigbss=BIGRAM,bigdata=BIGRAM -pbss=RAM \
  -pidata=CODE,irdata=CODE,ibigdata=CODE,ifardata=CODE -prparam=COMRAM \
  C:\Users\felix\AppData\Local\Temp\xcAs48c.o \
  dist/default/debug\Lab_uart.X.debug.o 

Object code version is 3.11

Machine type is 18F4520



                Name                               Link     Load   Length Selector   Space Scale
C:\Users\felix\AppData\Local\Temp\xcAs48c.o
                idloc                            200000   200000        8        0       5
                config                           300000   300000        E        0       4
                init                                 7C       7C        4        C       0
                reset_vec                             0        0        4        0       0
dist/default/debug\Lab_uart.X.debug.o
                intcodelo                            18       18       64        C       0
                intcode                               8        8        6        4       0
                idloc                            200000   200000        8        0       5
                config                           300000   300000        E        0       4
                temp                                 5C       5C        1        1       1
                smallconst                          600      600       1A      300       0
                text17                              D0A      D0A       16      30D       0
                text16                              AC2      AC2       7E      30D       0
                text15                              94E      94E       C4      30D       0
                text14                              BA2      BA2       4A      30D       0
                intcode_body                        61A      61A      1D4      30D       0
                text12                              CF4      CF4       16      30D       0
                text11                              A12      A12       B0      30D       0
                text10                              7EE      7EE      160      30D       0
                text8                               BEC      BEC       44      30D       0
                text7                               C30      C30       3C      30D       0
                text6                               CDE      CDE       16      30D       0
                text5                               D20      D20        C      30D       0
                text4                               D34      D34        8      30D       0
                text3                               D2C      D2C        8      30D       0
                text2                               CA6      CA6       22      30D       0
                text1                               CC8      CC8       16      30D       0
                text0                               B40      B40       62      30D       0
                cstackCOMRAM                         31       31       27        1       1
                cstackBANK0                          80       80        3       80       1
                dataCOMRAM                           58       58        4        1       1
                bssCOMRAM                             1        1       30        1       1
                cinit                               C6C      C6C       3A      30D       0
                idataCOMRAM                         D3C      D3C        4      30D       0

TOTAL           Name                               Link     Load   Length     Space
        CLASS   CODE           
                intcodelo                            18       18       64         0
                intcode                               8        8        6         0
                init                                 7C       7C        4         0
                reset_vec                             0        0        4         0
                text17                              D0A      D0A       16         0
                text16                              AC2      AC2       7E         0
                text15                              94E      94E       C4         0
                text14                              BA2      BA2       4A         0
                intcode_body                        61A      61A      1D4         0
                text12                              CF4      CF4       16         0
                text11                              A12      A12       B0         0
                text10                              7EE      7EE      160         0
                text8                               BEC      BEC       44         0
                text7                               C30      C30       3C         0
                text6                               CDE      CDE       16         0
                text5                               D20      D20        C         0
                text4                               D34      D34        8         0
                text3                               D2C      D2C        8         0
                text2                               CA6      CA6       22         0
                text1                               CC8      CC8       16         0
                text0                               B40      B40       62         0
                cinit                               C6C      C6C       3A         0
                idataCOMRAM                         D3C      D3C        4         0

        CLASS   CONST          

        CLASS   SMALLCONST     
                smallconst                          600      600       1A         0

        CLASS   MEDIUMCONST    

        CLASS   COMRAM         
                temp                                 5C       5C        1         1
                cstackCOMRAM                         31       31       27         1
                dataCOMRAM                           58       58        4         1
                bssCOMRAM                             1        1       30         1

        CLASS   ABS1           

        CLASS   BIGRAM         

        CLASS   RAM            

        CLASS   BANK0          
                cstackBANK0                          80       80        3         1

        CLASS   BANK1          

        CLASS   BANK2          

        CLASS   BANK3          

        CLASS   BANK4          

        CLASS   BANK5          

        CLASS   SFR            

        CLASS   BIGSFR         

        CLASS   CONFIG         
                config                           300000   300000        E         4

        CLASS   IDLOC          
                idloc                            200000   200000        8         5

        CLASS   EEDATA         

        CLASS   FARRAM         

        CLASS   HEAP           

        CLASS   STACK          



SEGMENTS        Name                           Load    Length   Top    Selector   Space  Class

                reset_vec                      000000  000004  000004         0       0  CODE    
                bssCOMRAM                      000001  00005C  00005D         1       1  COMRAM  
                intcode                        000008  000006  00000E         4       0  CODE    
                intcodelo                      000018  000068  000080         C       0  CODE    
                cstackBANK0                    000080  000003  000083        80       1  BANK0   
                smallconst                     000600  00001A  00061A       300       0  SMALLCON
                intcode_body                   00061A  000726  000D40       30D       0  CODE    


UNUSED ADDRESS RANGES

        Name                Unused          Largest block    Delta
        BANK0            000083-0000FF               7D
        BANK1            000100-0001FF              100
        BANK2            000200-0002FF              100
        BANK3            000300-0003FF              100
        BANK4            000400-0004FF              100
        BANK5            000500-0005F3               F4
        BIGRAM           00005D-00007F               23
                         000083-0005F3              571
        BIGSFR           000F80-000F9B               1C
                         000F9D-000FD3               37
                         000FD5-000FDA                6
                         000FE0-000FE2                3
                         000FE8-000FEA                3
                         000FF0-000FFC                D
        CODE             000004-000007                4
                         00000E-000017                A
                         000080-0005FF              580
                         000D40-007DBF             7080
        COMRAM           00005D-00007F               23
        CONST            000004-000007                4
                         00000E-000017                A
                         000080-0005FF              580
                         000D40-007DBF             7080
        EEDATA           F00000-F000FF              100
        MEDIUMCONST      000D40-007DBF             7080
        RAM              000083-0005F3              100
        SFR              000F80-000F9B               1C
                         000F9D-000FD3               37
                         000FD5-000FDA                6
                         000FE0-000FE2                3
                         000FE8-000FEA                3
                         000FF0-000FFC                D
        SMALLCONST       000D40-007DBF              100

                                  Symbol Table

?___awdiv                      cstackCOMRAM 000031
?___awmod                      cstackCOMRAM 000047
ClearBuffer@i                  cstackBANK0  000080
Hi_ISR@i                       cstackCOMRAM 000043
Hi_ISR@i_1077                  cstackCOMRAM 000045
UART_Write@data                cstackCOMRAM 000047
UART_Write_Text@i              cstackCOMRAM 000036
UART_Write_Text@text           cstackCOMRAM 000032
_ADCON0bits                    (abs)        000FC2
_ADCON1                        (abs)        000FC1
_ADCON1bits                    (abs)        000FC1
_ADCON2bits                    (abs)        000FC0
_ADC_Initialize                text6        000CDE
_ADFM                          (abs)        007E07
_ADRESH                        (abs)        000FC4
_ADRESL                        (abs)        000FC3
_BAUDCONbits                   (abs)        000FB8
_CCP1CON                       (abs)        000FBD
_CCP1CONbits                   (abs)        000FBD
_CCP1_Initialize               text5        000D20
_CCPR1L                        (abs)        000FBE
_CREN                          (abs)        007D5C
_ClearBuffer                   text8        000BEC
_Hi_ISR                        intcode      000008
_INTCON2bits                   (abs)        000FF1
_INTCONbits                    (abs)        000FF2
_INTERRUPT_Initialize          text4        000D34
_IPR1bits                      (abs)        000F9F
_IRCF0                         (abs)        007E9C
_IRCF1                         (abs)        007E9D
_IRCF2                         (abs)        007E9E
_LATB                          (abs)        000F8A
_LATBbits                      (abs)        000F8A
_LATC                          (abs)        000F8B
_Lo_ISR                        intcodelo    000018
_MyusartRead                   text10       0007EE
_OSCCONbits                    (abs)        000FD3
_OSCILLATOR_Initialize         text3        000D2C
_PIE1bits                      (abs)        000F9D
_PIR1bits                      (abs)        000F9E
_PORTB                         (abs)        000F81
_PORTBbits                     (abs)        000F81
_PORTDbits                     (abs)        000F83
_PR2                           (abs)        000FCB
_PWM_initialize                text7        000C30
_RCIF                          (abs)        007CF5
_RCONbits                      (abs)        000FD0
_RCREG                         (abs)        000FAE
_RCSTAbits                     (abs)        000FAB
_SPBRG                         (abs)        000FAF
_SYSTEM_Initialize             text1        000CC8
_T1CON                         (abs)        000FCD
_T1CONbits                     (abs)        000FCD
_T2CON                         (abs)        000FCA
_T2CONbits                     (abs)        000FCA
_TMR1H                         (abs)        000FCF
_TMR1L                         (abs)        000FCE
_TMR2                          (abs)        000FCC
_TRISA                         (abs)        000F92
_TRISAbits                     (abs)        000F92
_TRISB                         (abs)        000F93
_TRISBbits                     (abs)        000F93
_TRISC                         (abs)        000F94
_TRISCbits                     (abs)        000F94
_TRISD                         (abs)        000F95
_TRISDbits                     (abs)        000F95
_TXREG                         (abs)        000FAD
_TXSTAbits                     (abs)        000FAC
_UART_Initialize               text2        000CA6
_UART_Write                    text12       000CF4
_UART_Write_Text               text16       000AC2
__HRAM                         (abs)        000000
__Habs1                        abs1         000000
__Hbank0                       bank0        000000
__Hbank1                       bank1        000000
__Hbank2                       bank2        000000
__Hbank3                       bank3        000000
__Hbank4                       bank4        000000
__Hbank5                       bank5        000000
__Hbigbss                      bigbss       000000
__Hbigdata                     bigdata      000000
__Hbigram                      bigram       000000
__Hbigsfr                      bigsfr       000000
__Hbss                         bss          000000
__HbssCOMRAM                   bssCOMRAM    000000
__Hcinit                       cinit        000000
__Hclrtext                     clrtext      000000
__Hcomram                      comram       000000
__Hconfig                      config       30000E
__Hconst                       const        000000
__HcstackBANK0                 cstackBANK0  000000
__HcstackCOMRAM                cstackCOMRAM 000000
__Hdata                        data         000000
__HdataCOMRAM                  dataCOMRAM   000000
__Heeprom_data                 eeprom_data  000000
__Hfarbss                      farbss       000000
__Hfardata                     fardata      000000
__Hheap                        heap         000000
__Hibigdata                    ibigdata     000000
__Hidata                       idata        000000
__HidataCOMRAM                 idataCOMRAM  000000
__Hidloc                       idloc        200008
__Hifardata                    ifardata     000000
__Hinit                        init         000080
__Hintcode                     intcode      00000E
__Hintcode_body                intcode_body 000000
__Hintcodelo                   intcodelo    00007C
__Hintentry                    intentry     000000
__Hintret                      intret       000000
__Hintsave_regs                intsave_regs 000000
__Hirdata                      irdata       000000
__Hmediumconst                 mediumconst  000000
__HnvFARRAM                    nvFARRAM     000000
__Hnvbit                       nvbit        000000
__Hnvrram                      nvrram       000000
__Hparam                       rparam       000000
__Hpowerup                     powerup      00007C
__Hram                         ram          000000
__Hramtop                      ramtop       000600
__Hrbit                        rbit         000000
__Hrbss                        rbss         000000
__Hrdata                       rdata        000000
__Hreset_vec                   reset_vec    000004
__Hrparam                      rparam       000000
__Hsfr                         sfr          000000
__Hsmallconst                  smallconst   00061A
__Hspace_0                     (abs)        000D40
__Hspace_1                     (abs)        000083
__Hspace_2                     (abs)        000000
__Hspace_4                     (abs)        60000E
__Hstack                       stack        000000
__Hstruct                      struct       000000
__Htemp                        temp         00005D
__Htext                        text         000000
__Htext0                       text0        000000
__Htext1                       text1        000000
__Htext10                      text10       000000
__Htext11                      text11       000000
__Htext12                      text12       000000
__Htext14                      text14       000000
__Htext15                      text15       000000
__Htext16                      text16       000000
__Htext17                      text17       000000
__Htext2                       text2        000000
__Htext3                       text3        000000
__Htext4                       text4        000000
__Htext5                       text5        000000
__Htext6                       text6        000000
__Htext7                       text7        000000
__Htext8                       text8        000000
__LRAM                         (abs)        000001
__Labs1                        abs1         000000
__Lbank0                       bank0        000000
__Lbank1                       bank1        000000
__Lbank2                       bank2        000000
__Lbank3                       bank3        000000
__Lbank4                       bank4        000000
__Lbank5                       bank5        000000
__Lbigbss                      bigbss       000000
__Lbigdata                     bigdata      000000
__Lbigram                      bigram       000000
__Lbigsfr                      bigsfr       000000
__Lbss                         bss          000000
__LbssCOMRAM                   bssCOMRAM    000000
__Lcinit                       cinit        000000
__Lclrtext                     clrtext      000000
__Lcomram                      comram       000000
__Lconfig                      config       000000
__Lconst                       const        000000
__LcstackBANK0                 cstackBANK0  000000
__LcstackCOMRAM                cstackCOMRAM 000000
__Ldata                        data         000000
__LdataCOMRAM                  dataCOMRAM   000000
__Leeprom_data                 eeprom_data  000000
__Lfarbss                      farbss       000000
__Lfardata                     fardata      000000
__Lheap                        heap         000000
__Libigdata                    ibigdata     000000
__Lidata                       idata        000000
__LidataCOMRAM                 idataCOMRAM  000000
__Lidloc                       idloc        000000
__Lifardata                    ifardata     000000
__Linit                        init         00007C
__Lintcode                     intcode      000008
__Lintcode_body                intcode_body 000000
__Lintcodelo                   intcodelo    000018
__Lintentry                    intentry     000000
__Lintret                      intret       000000
__Lintsave_regs                intsave_regs 000000
__Lirdata                      irdata       000000
__Lmediumconst                 mediumconst  000000
__LnvFARRAM                    nvFARRAM     000000
__Lnvbit                       nvbit        000000
__Lnvrram                      nvrram       000000
__Lparam                       rparam       000000
__Lpowerup                     powerup      00007C
__Lram                         ram          000000
__Lramtop                      ramtop       000600
__Lrbit                        rbit         000000
__Lrbss                        rbss         000000
__Lrdata                       rdata        000000
__Lreset_vec                   reset_vec    000000
__Lrparam                      rparam       000000
__Lsfr                         sfr          000000
__Lsmallconst                  smallconst   000600
__Lspace_0                     (abs)        000000
__Lspace_1                     (abs)        000000
__Lspace_2                     (abs)        000000
__Lspace_4                     (abs)        000000
__Lstack                       stack        000000
__Lstruct                      struct       000000
__Ltemp                        temp         00005C
__Ltext                        text         000000
__Ltext0                       text0        000000
__Ltext1                       text1        000000
__Ltext10                      text10       000000
__Ltext11                      text11       000000
__Ltext12                      text12       000000
__Ltext14                      text14       000000
__Ltext15                      text15       000000
__Ltext16                      text16       000000
__Ltext17                      text17       000000
__Ltext2                       text2        000000
__Ltext3                       text3        000000
__Ltext4                       text4        000000
__Ltext5                       text5        000000
__Ltext6                       text6        000000
__Ltext7                       text7        000000
__Ltext8                       text8        000000
__S0                           (abs)        000D40
__S1                           (abs)        000083
__S4                           (abs)        000000
__S5                           (abs)        000000
___awdiv                       text15       00094E
___awdiv@counter               cstackCOMRAM 000035
___awdiv@dividend              cstackCOMRAM 000031
___awdiv@divisor               cstackCOMRAM 000033
___awdiv@quotient              cstackCOMRAM 000037
___awdiv@sign                  cstackCOMRAM 000036
___awmod                       text11       000A12
___awmod@counter               cstackCOMRAM 00004B
___awmod@dividend              cstackCOMRAM 000047
___awmod@divisor               cstackCOMRAM 000049
___awmod@sign                  cstackCOMRAM 00004C
___heap_hi                     (abs)        000000
___heap_lo                     (abs)        000000
___inthi_sp                    stack        000000
___intlo_sp                    stack        000000
___param_bank                  (abs)        000000
___rparam_used                 (abs)        000001
___sp                          stack        000000
__accesstop                    (abs)        000080
__activetblptr                 (abs)        000002
__end_of_ADC_Initialize        text6        000CF4
__end_of_CCP1_Initialize       text5        000D2C
__end_of_ClearBuffer           text8        000C30
__end_of_Hi_ISR                intcode_body 0007EE
__end_of_INTERRUPT_Initialize  text4        000D3C
__end_of_Lo_ISR                intcodelo    00007C
__end_of_MyusartRead           text10       00094E
__end_of_OSCILLATOR_Initialize text3        000D34
__end_of_PWM_initialize        text7        000C6C
__end_of_SYSTEM_Initialize     text1        000CDE
__end_of_UART_Initialize       text2        000CC8
__end_of_UART_Write            text12       000D0A
__end_of_UART_Write_Text       text16       000B40
__end_of___awdiv               text15       000A12
__end_of___awmod               text11       000AC2
__end_of__initialization       cinit        000C98
__end_of_delay                 text14       000BEC
__end_of_main                  text0        000BA2
__end_ofi2_UART_Write          text17       000D20
__initialization               cinit        000C6C
__mediumconst                  mediumconst  000000
__pbssCOMRAM                   bssCOMRAM    000001
__pcinit                       cinit        000C6C
__pcstackBANK0                 cstackBANK0  000080
__pcstackCOMRAM                cstackCOMRAM 000031
__pdataCOMRAM                  dataCOMRAM   000058
__pidataCOMRAM                 idataCOMRAM  000D3C
__pintcode                     intcode      000008
__pintcode_body                intcode_body 00061A
__pintcodelo                   intcodelo    000018
__psmallconst                  smallconst   000600
__ptext0                       text0        000B40
__ptext1                       text1        000CC8
__ptext10                      text10       0007EE
__ptext11                      text11       000A12
__ptext12                      text12       000CF4
__ptext14                      text14       000BA2
__ptext15                      text15       00094E
__ptext16                      text16       000AC2
__ptext17                      text17       000D0A
__ptext2                       text2        000CA6
__ptext3                       text3        000D2C
__ptext4                       text4        000D34
__ptext5                       text5        000D20
__ptext6                       text6        000CDE
__ptext7                       text7        000C30
__ptext8                       text8        000BEC
__ramtop                       ramtop       000600
__smallconst                   smallconst   000600
_count                         dataCOMRAM   000058
_delay                         text14       000BA2
_lenStr                        bssCOMRAM    000019
_main                          text0        000B40
_mystring                      bssCOMRAM    00001B
_n                             dataCOMRAM   00005A
_num                           bssCOMRAM    00002F
_state                         bssCOMRAM    000017
_str                           bssCOMRAM    000001
_timer                         bssCOMRAM    000015
btemp                          temp         00005C
delay@i                        cstackCOMRAM 000033
delay@j                        cstackCOMRAM 000035
delay@val                      cstackCOMRAM 000031
end_of_initialization          cinit        000C98
i2UART_Write@data              cstackCOMRAM 000031
i2_UART_Write                  text17       000D0A
int$flags                      temp         00005C
int_func                       intcode_body 00061A
intlevel0                      text         000000
intlevel1                      text         000000
intlevel2                      text         000000
intlevel3                      text         000000
isa$std                        (abs)        000001
isa$xinst                      (abs)        000000
stackhi                        (abs)        000000
stacklo                        (abs)        000000
start                          init         00007C
start_initialization           cinit        000C6C
ttemp5                         temp         00005D
ttemp6                         temp         000060
ttemp7                         temp         000064
wtemp8                         temp         00005D


MODULE INFORMATION

Module		Function		Class		Link	Load	Size
C:\Program Files\Microchip\xc8\v2.40\pic\sources\c99\common\awdiv.c
		___awdiv       		CODE           	094E	0000	196

C:\Program Files\Microchip\xc8\v2.40\pic\sources\c99\common\awdiv.c estimated size: 196

setting_hardaware/interrupt_manager.c
		_INTERRUPT_Initialize		CODE           	0D34	0000	8

setting_hardaware/interrupt_manager.c estimated size: 8

setting_hardaware/uart.c
		_Lo_ISR        		CODE           	0018	0000	100
		_MyusartRead   		CODE           	07EE	0000	352
		_UART_Write_Text		CODE           	0AC2	0000	126
		_ClearBuffer   		CODE           	0BEC	0000	68
		_UART_Initialize		CODE           	0CA6	0000	34
		_UART_Write    		CODE           	0CF4	0000	22

setting_hardaware/uart.c estimated size: 702

setting_hardaware/ccp1.c
		_CCP1_Initialize		CODE           	0D20	0000	12

setting_hardaware/ccp1.c estimated size: 12

setting_hardaware/adc.c
		_ADC_Initialize		CODE           	0CDE	0000	22

setting_hardaware/adc.c estimated size: 22

shared
		i2_UART_Write  		CODE           	0D0A	0000	22
		__initialization		CODE           	0C6C	0000	44

shared estimated size: 66

setting_hardaware/setting.c
		_OSCILLATOR_Initialize		CODE           	0D2C	0000	8
		_SYSTEM_Initialize		CODE           	0CC8	0000	22

setting_hardaware/setting.c estimated size: 30

C:\Program Files\Microchip\xc8\v2.40\pic\sources\c99\common\awmod.c
		___awmod       		CODE           	0A12	0000	176

C:\Program Files\Microchip\xc8\v2.40\pic\sources\c99\common\awmod.c estimated size: 176

main.c
		_delay         		CODE           	0BA2	0000	74
		_main          		CODE           	0B40	0000	98
		_PWM_initialize		CODE           	0C30	0000	60
		_Hi_ISR        		CODE           	0008	0000	474

main.c estimated size: 706

